Info: Start Nativelink Simulation process
Info: NativeLink has detected VHDL design -- VHDL simulation models will be used

========= EDA Simulation Settings =====================

Sim Mode              :  RTL
Family                :  cycloneii
Quartus root          :  c:/altera/10.1/quartus/bin64/
Quartus sim root      :  c:/altera/10.1/quartus/eda/sim_lib
Simulation Tool       :  modelsim-altera
Simulation Language   :  vhdl
Version               :  93
Simulation Mode       :  GUI
Sim Output File       :  signExtd.vho
Sim SDF file          :  signExtd__vhdl.sdo
Sim dir               :  simulation\modelsim

=======================================================

Info: Starting NativeLink simulation with ModelSim-Altera software
Sourced NativeLink script c:/altera/10.1/quartus/common/tcl/internal/nativelink/modelsim.tcl
Warning: File signExtd_run_msim_rtl_vhdl.do already exists - backing up current file as signExtd_run_msim_rtl_vhdl.do.bak1
Info: Spawning ModelSim-Altera Simulation software 
